
> creerlio-platform-frontend@1.0.4 build
> next build

  Ôû▓ Next.js 14.2.35
  - Environments: .env.local

   Creating an optimized production build ...
npm : uncaughtException [Error: EPERM: operation not permitted, open 
'C:\Users\simon\Projects2025\Creerlio_V2\creerlio-platform\frontend\.next\trace'] {
At C:\Users\simon\AppData\Local\Temp\ps-script-b6853f0c-2daf-40da-ac61-be7d2ee40829.ps1:78 char:1
+ npm run build > build-output.txt 2>&1
+ ~~~~~~~~~~~~~~~~~~~~~~~~~~~~~~~~~~~~~
    + CategoryInfo          : NotSpecified: (uncaughtExcepti....next\trace'] {:String) [], RemoteException
    + FullyQualifiedErrorId : NativeCommandError
 
  errno: -4048,
  code: 'EPERM',
  syscall: 'open',
  path: 'C:\\Users\\simon\\Projects2025\\Creerlio_V2\\creerlio-platform\\frontend\\.next\\trace'
}
